10,See, e.g.,,116,F.3d,310,312-313,1
12,Cf.,503,U.S.,318,322323;1992,1
1,,0,,0,,0
